// Jest Snapshot v1, https://goo.gl/fbAQLP

exports[`KnownNoData should render a default KnownNoData 1`] = `
<span
  aria-label="Terra.clinicalResult.resultNoData"
  className="no-data"
>
  --
</span>
`;
