// Jest Snapshot v1, https://goo.gl/fbAQLP

exports[`NumericOverflow should render a default NumericOverflow 1`] = `
<span
  className="numeric-overflow"
>
  Terra.clinicalResult.viewResults
</span>
`;
