exports[`test should render a default component 1`] = `
<div
  class="detail-list-item">
  <p>
    Test
  </p>
</div>
`;
