exports[`test should render the terraClinical-EmbeddedContentConsumer wrapper 1`] = `
<div
  className="terraClinical-EmbeddedContentConsumer" />
`;
